2025-04-01 23:29:00,038 - INFO - Bắt đầu thí nghiệm: baseline
2025-04-01 23:29:00,387 - INFO - Tham số huấn luyện:
{
  "data": "/hdd2/minhnv/CodingYOLOv12/Dataset/T-Student_FIT-DNU-6-split/data.yaml",
  "epochs": 2,
  "patience": 15,
  "imgsz": 640,
  "batch": 32,
  "optimizer": "Adam",
  "lr0": 0.01,
  "lrf": 0.1,
  "weight_decay": 0.0005,
  "warmup_epochs": 3.0,
  "pretrained": true,
  "dropout": 0.0,
  "save_period": -1,
  "save": true,
  "cos_lr": true,
  "conf": 0.25,
  "iou": 0.7,
  "hsv_h": 0.015,
  "hsv_s": 0.7,
  "hsv_v": 0.4,
  "degrees": 10.0,
  "translate": 0.1,
  "scale": 0.5,
  "shear": 2.0,
  "perspective": 0.0001,
  "flipud": 0.5,
  "fliplr": 0.5,
  "mosaic": 1.0,
  "mixup": 0.1,
  "copy_paste": 0.1,
  "erasing": 0.4
}
2025-04-01 23:29:00,795 - ERROR - Lỗi trong thí nghiệm baseline: Dataset '/hdd2/minhnv/CodingYOLOv12/Dataset/T-Student_FIT-DNU-6-split/data.yaml' error ❌ '/hdd2/minhnv/CodingYOLOv12/Dataset/T-Student_FIT-DNU-6-split/data.yaml' does not exist
2025-04-01 23:29:00,795 - INFO - Bắt đầu thí nghiệm: high_lr
2025-04-01 23:29:01,102 - INFO - Tham số huấn luyện:
{
  "data": "/hdd2/minhnv/CodingYOLOv12/Dataset/T-Student_FIT-DNU-6-split/data.yaml",
  "epochs": 2,
  "patience": 15,
  "imgsz": 640,
  "batch": 32,
  "optimizer": "Adam",
  "lr0": 0.03,
  "lrf": 0.1,
  "weight_decay": 0.0005,
  "warmup_epochs": 5.0,
  "pretrained": true,
  "dropout": 0.0,
  "save_period": -1,
  "save": true,
  "cos_lr": true,
  "conf": 0.25,
  "iou": 0.7,
  "hsv_h": 0.015,
  "hsv_s": 0.7,
  "hsv_v": 0.4,
  "degrees": 10.0,
  "translate": 0.1,
  "scale": 0.5,
  "shear": 2.0,
  "perspective": 0.0001,
  "flipud": 0.5,
  "fliplr": 0.5,
  "mosaic": 1.0,
  "mixup": 0.1,
  "copy_paste": 0.1,
  "erasing": 0.4
}
2025-04-01 23:29:01,381 - ERROR - Lỗi trong thí nghiệm high_lr: Dataset '/hdd2/minhnv/CodingYOLOv12/Dataset/T-Student_FIT-DNU-6-split/data.yaml' error ❌ '/hdd2/minhnv/CodingYOLOv12/Dataset/T-Student_FIT-DNU-6-split/data.yaml' does not exist
2025-04-01 23:29:01,381 - INFO - Bắt đầu thí nghiệm: sgd_optimizer
2025-04-01 23:29:01,761 - INFO - Tham số huấn luyện:
{
  "data": "/hdd2/minhnv/CodingYOLOv12/Dataset/T-Student_FIT-DNU-6-split/data.yaml",
  "epochs": 2,
  "patience": 10,
  "imgsz": 640,
  "batch": 32,
  "optimizer": "SGD",
  "lr0": 0.01,
  "lrf": 0.01,
  "weight_decay": 0.0005,
  "warmup_epochs": 3.0,
  "pretrained": true,
  "dropout": 0.0,
  "save_period": -1,
  "save": true,
  "cos_lr": true,
  "conf": 0.25,
  "iou": 0.7,
  "hsv_h": 0.015,
  "hsv_s": 0.7,
  "hsv_v": 0.4,
  "degrees": 10.0,
  "translate": 0.1,
  "scale": 0.5,
  "shear": 2.0,
  "perspective": 0.0001,
  "flipud": 0.5,
  "fliplr": 0.5,
  "mosaic": 1.0,
  "mixup": 0.1,
  "copy_paste": 0.1,
  "erasing": 0.4,
  "momentum": 0.95
}
2025-04-01 23:29:02,096 - ERROR - Lỗi trong thí nghiệm sgd_optimizer: Dataset '/hdd2/minhnv/CodingYOLOv12/Dataset/T-Student_FIT-DNU-6-split/data.yaml' error ❌ '/hdd2/minhnv/CodingYOLOv12/Dataset/T-Student_FIT-DNU-6-split/data.yaml' does not exist
2025-04-01 23:29:02,096 - INFO - Bắt đầu thí nghiệm: heavy_aug
2025-04-01 23:29:02,610 - INFO - Tham số huấn luyện:
{
  "data": "/hdd2/minhnv/CodingYOLOv12/Dataset/T-Student_FIT-DNU-6-split/data.yaml",
  "epochs": 2,
  "patience": 10,
  "imgsz": 640,
  "batch": 32,
  "optimizer": "Adam",
  "lr0": 0.01,
  "lrf": 0.1,
  "weight_decay": 0.0005,
  "warmup_epochs": 3.0,
  "pretrained": true,
  "dropout": 0.0,
  "save_period": -1,
  "save": true,
  "cos_lr": true,
  "conf": 0.25,
  "iou": 0.7,
  "hsv_h": 0.02,
  "hsv_s": 0.9,
  "hsv_v": 0.6,
  "degrees": 15.0,
  "translate": 0.2,
  "scale": 0.7,
  "shear": 3.0,
  "perspective": 0.001,
  "flipud": 0.5,
  "fliplr": 0.5,
  "mosaic": 1.0,
  "mixup": 0.3,
  "copy_paste": 0.3,
  "erasing": 0.6
}
2025-04-01 23:29:02,959 - ERROR - Lỗi trong thí nghiệm heavy_aug: Dataset '/hdd2/minhnv/CodingYOLOv12/Dataset/T-Student_FIT-DNU-6-split/data.yaml' error ❌ '/hdd2/minhnv/CodingYOLOv12/Dataset/T-Student_FIT-DNU-6-split/data.yaml' does not exist
2025-04-01 23:29:02,959 - INFO - Bắt đầu thí nghiệm: light_aug
2025-04-01 23:29:03,286 - INFO - Tham số huấn luyện:
{
  "data": "/hdd2/minhnv/CodingYOLOv12/Dataset/T-Student_FIT-DNU-6-split/data.yaml",
  "epochs": 2,
  "patience": 10,
  "imgsz": 640,
  "batch": 16,
  "optimizer": "Adam",
  "lr0": 0.01,
  "lrf": 0.1,
  "weight_decay": 0.0005,
  "warmup_epochs": 3.0,
  "pretrained": true,
  "dropout": 0.0,
  "save_period": -1,
  "save": true,
  "cos_lr": true,
  "conf": 0.25,
  "iou": 0.7,
  "hsv_h": 0.01,
  "hsv_s": 0.5,
  "hsv_v": 0.3,
  "degrees": 5.0,
  "translate": 0.05,
  "scale": 0.2,
  "shear": 1.0,
  "perspective": 0.0,
  "flipud": 0.0,
  "fliplr": 0.5,
  "mosaic": 0.7,
  "mixup": 0.0,
  "copy_paste": 0.0,
  "erasing": 0.2
}
2025-04-01 23:29:03,635 - ERROR - Lỗi trong thí nghiệm light_aug: Dataset '/hdd2/minhnv/CodingYOLOv12/Dataset/T-Student_FIT-DNU-6-split/data.yaml' error ❌ '/hdd2/minhnv/CodingYOLOv12/Dataset/T-Student_FIT-DNU-6-split/data.yaml' does not exist
